EN seg_display NULL C:/17LDLab/TAXI/SEG_DISPLAY.vhd sub00/vhpl02 1497526726
AR seg_display seg_behavioral C:/17LDLab/TAXI/SEG_DISPLAY.vhd sub00/vhpl03 1497526727
EN taxi NULL C:/17LDLab/TAXI/TAXI.vhd sub00/vhpl06 1497526730
AR lcd_display lcd_behavioral C:/17LDLab/TAXI/LCD_DISPLAY.vhd sub00/vhpl01 1497526725
AR taxi behavioral C:/17LDLab/TAXI/TAXI.vhd sub00/vhpl07 1497526731
AR data_process data_behavioral C:/17LDLab/TAXI/DATA_PROCESS.vhd sub00/vhpl05 1497526729
EN lcd_display NULL C:/17LDLab/TAXI/LCD_DISPLAY.vhd sub00/vhpl00 1497526724
EN data_process NULL C:/17LDLab/TAXI/DATA_PROCESS.vhd sub00/vhpl04 1497526728
